I'm sorry, but errors were detected in your script. Please correct the
errors listed below, and try again.


File "game/screens.rpy", line 302: end of line expected.
    if renpy.can_load("quitsave"):t
                                  ^

Ren'Py Version: Ren'Py 7.4.5.1648
Sun Jul  3 23:51:30 2022
